[2026-09-24 15:01:39] production.ERROR: SQLSTATE[42000]: Syntax error or access violation: 1067 Invalid default value for 'ended_at' (Connection: mysql, Host: 127.0.0.1, Port: 3306, Database: datamuse_install, SQL: create table `submissions` (`id` bigint unsigned not null auto_increment primary key, `uuid` char(36) not null, `survey_id` bigint unsigned not null, `survey_version_id` bigint unsigned not null, `project_id` bigint unsigned not null, `enumerator_id` bigint unsigned null, `device_id` bigint unsigned null, `channel` varchar(10) not null default 'mobile', `status` varchar(20) not null default 'submitted', `fiche_code` varchar(64) null, `zone` varchar(100) null, `language` varchar(10) not null default 'fr', `started_at` timestamp not null, `ended_at` timestamp not null, `duration_seconds` int unsigned null, `geo_lat` decimal(10, 7) null, `geo_lng` decimal(10, 7) null, `geo_accuracy` decimal(8, 2) null, `geo` json null, `answers` json not null, `end_reason` varchar(40) null, `answers_hash` char(64) null, `client_updated_at` timestamp null, `received_at` timestamp null, `flags` json null, `suspicion_score` tinyint unsigned not null default '0', `quality_notes` text null, `reviewed_by` bigint unsigned null, `reviewed_at` timestamp null, `device_time_offset_ms` int null, `created_at` timestamp null, `updated_at` timestamp null) default character set utf8mb4 collate 'utf8mb4_unicode_ci') {"exception":"[object] (Illuminate\\Database\\QueryException(code: 42000): SQLSTATE[42000]: Syntax error or access violation: 1067 Invalid default value for 'ended_at' (Connection: mysql, Host: 127.0.0.1, Port: 3306, Database: datamuse_install, SQL: create table `submissions` (`id` bigint unsigned not null auto_increment primary key, `uuid` char(36) not null, `survey_id` bigint unsigned not null, `survey_version_id` bigint unsigned not null, `project_id` bigint unsigned not null, `enumerator_id` bigint unsigned null, `device_id` bigint unsigned null, `channel` varchar(10) not null default 'mobile', `status` varchar(20) not null default 'submitted', `fiche_code` varchar(64) null, `zone` varchar(100) null, `language` varchar(10) not null default 'fr', `started_at` timestamp not null, `ended_at` timestamp not null, `duration_seconds` int unsigned null, `geo_lat` decimal(10, 7) null, `geo_lng` decimal(10, 7) null, `geo_accuracy` decimal(8, 2) null, `geo` json null, `answers` json not null, `end_reason` varchar(40) null, `answers_hash` char(64) null, `client_updated_at` timestamp null, `received_at` timestamp null, `flags` json null, `suspicion_score` tinyint unsigned not null default '0', `quality_notes` text null, `reviewed_by` bigint unsigned null, `reviewed_at` timestamp null, `device_time_offset_ms` int null, `created_at` timestamp null, `updated_at` timestamp null) default character set utf8mb4 collate 'utf8mb4_unicode_ci') at C:/Users/DELL/Documents/Projets/datamuse-prod-backend/vendor/laravel/framework/src/Illuminate/Database/Connection.php:838)
[stacktrace]
#0 C:/Users/DELL/Documents/Projets/datamuse-prod-backend/vendor/laravel/framework/src/Illuminate/Database/Connection.php(794): Illuminate/Database/Connection->runQueryCallback('create table `s...', Array, Object(Closure))
#1 C:/Users/DELL/Documents/Projets/datamuse-prod-backend/vendor/laravel/framework/src/Illuminate/Database/Connection.php(573): Illuminate/Database/Connection->run('create table `s...', Array, Object(Closure))
#2 C:/Users/DELL/Documents/Projets/datamuse-prod-backend/vendor/laravel/framework/src/Illuminate/Database/Schema/Blueprint.php(121): Illuminate/Database/Connection->statement('create table `s...')
#3 C:/Users/DELL/Documents/Projets/datamuse-prod-backend/vendor/laravel/framework/src/Illuminate/Database/Schema/Builder.php(686): Illuminate/Database/Schema/Blueprint->build()
#4 C:/Users/DELL/Documents/Projets/datamuse-prod-backend/vendor/laravel/framework/src/Illuminate/Database/Schema/Builder.php(506): Illuminate/Database/Schema/Builder->build(Object(Illuminate/Database/Schema/Blueprint))
#5 C:/Users/DELL/Documents/Projets/datamuse-prod-backend/vendor/laravel/framework/src/Illuminate/Support/Facades/Facade.php(363): Illuminate/Database/Schema/Builder->create('submissions', Object(Closure))
#6 C:/Users/DELL/Documents/Projets/datamuse-prod-backend/database/migrations/2026_09_15_000009_create_submissions_table.php(11): Illuminate/Support/Facades/Facade::__callStatic('create', Array)
#7 C:/Users/DELL/Documents/Projets/datamuse-prod-backend/vendor/laravel/framework/src/Illuminate/Database/Migrations/Migrator.php(517): Illuminate/Database/Migrations/Migration@anonymous->up()
#8 C:/Users/DELL/Documents/Projets/datamuse-prod-backend/vendor/laravel/framework/src/Illuminate/Database/Migrations/Migrator.php(442): Illuminate/Database/Migrations/Migrator->runMethod(Object(Illuminate/Database/MySqlConnection), Object(Illuminate/Database/Migrations/Migration@anonymous), 'up')
#9 C:/Users/DELL/Documents/Projets/datamuse-prod-backend/vendor/laravel/framework/src/Illuminate/Database/Migrations/Migrator.php(451): Illuminate/Database/Migrations/Migrator->Illuminate/Database/Migrations/{closure}()
#10 C:/Users/DELL/Documents/Projets/datamuse-prod-backend/vendor/laravel/framework/src/Illuminate/Database/Migrations/Migrator.php(253): Illuminate/Database/Migrations/Migrator->runMigration(Object(Illuminate/Database/Migrations/Migration@anonymous), 'up')
#11 C:/Users/DELL/Documents/Projets/datamuse-prod-backend/vendor/laravel/framework/src/Illuminate/Console/View/Components/Task.php(41): Illuminate/Database/Migrations/Migrator->Illuminate/Database/Migrations/{closure}()
#12 C:/Users/DELL/Documents/Projets/datamuse-prod-backend/vendor/laravel/framework/src/Illuminate/Database/Migrations/Migrator.php(814): Illuminate/Console/View/Components/Task->render('2026_09_15_0000...', Object(Closure))
#13 C:/Users/DELL/Documents/Projets/datamuse-prod-backend/vendor/laravel/framework/src/Illuminate/Database/Migrations/Migrator.php(253): Illuminate/Database/Migrations/Migrator->write('Illuminate//Cons...', '2026_09_15_0000...', Object(Closure))
#14 C:/Users/DELL/Documents/Projets/datamuse-prod-backend/vendor/laravel/framework/src/Illuminate/Database/Migrations/Migrator.php(211): Illuminate/Database/Migrations/Migrator->runUp('C://Users//DELL//D...', 1, false)
#15 C:/Users/DELL/Documents/Projets/datamuse-prod-backend/vendor/laravel/framework/src/Illuminate/Database/Migrations/Migrator.php(138): Illuminate/Database/Migrations/Migrator->runPending(Array, Array)
#16 C:/Users/DELL/Documents/Projets/datamuse-prod-backend/vendor/laravel/framework/src/Illuminate/Database/Console/Migrations/MigrateCommand.php(116): Illuminate/Database/Migrations/Migrator->run(Array, Array)
#17 C:/Users/DELL/Documents/Projets/datamuse-prod-backend/vendor/laravel/framework/src/Illuminate/Database/Migrations/Migrator.php(671): Illuminate/Database/Console/Migrations/MigrateCommand->Illuminate/Database/Console/Migrations/{closure}()
#18 C:/Users/DELL/Documents/Projets/datamuse-prod-backend/vendor/laravel/framework/src/Illuminate/Database/Console/Migrations/MigrateCommand.php(109): Illuminate/Database/Migrations/Migrator->usingConnection(NULL, Object(Closure))
#19 C:/Users/DELL/Documents/Projets/datamuse-prod-backend/vendor/laravel/framework/src/Illuminate/Database/Console/Migrations/MigrateCommand.php(88): Illuminate/Database/Console/Migrations/MigrateCommand->runMigrations()
#20 C:/Users/DELL/Documents/Projets/datamuse-prod-backend/vendor/laravel/framework/src/Illuminate/Container/BoundMethod.php(36): Illuminate/Database/Console/Migrations/MigrateCommand->handle()
#21 C:/Users/DELL/Documents/Projets/datamuse-prod-backend/vendor/laravel/framework/src/Illuminate/Container/Util.php(43): Illuminate/Container/BoundMethod::Illuminate/Container/{closure}()
#22 C:/Users/DELL/Documents/Projets/datamuse-prod-backend/vendor/laravel/framework/src/Illuminate/Container/BoundMethod.php(96): Illuminate/Container/Util::unwrapIfClosure(Object(Closure))
#23 C:/Users/DELL/Documents/Projets/datamuse-prod-backend/vendor/laravel/framework/src/Illuminate/Container/BoundMethod.php(35): Illuminate/Container/BoundMethod::callBoundMethod(Object(Illuminate/Foundation/Application), Array, Object(Closure))
#24 C:/Users/DELL/Documents/Projets/datamuse-prod-backend/vendor/laravel/framework/src/Illuminate/Container/Container.php(799): Illuminate/Container/BoundMethod::call(Object(Illuminate/Foundation/Application), Array, Array, NULL)
#25 C:/Users/DELL/Documents/Projets/datamuse-prod-backend/vendor/laravel/framework/src/Illuminate/Console/Command.php(211): Illuminate/Container/Container->call(Array)
#26 C:/Users/DELL/Documents/Projets/datamuse-prod-backend/vendor/symfony/console/Command/Command.php(341): Illuminate/Console/Command->execute(Object(Symfony/Component/Console/Input/ArgvInput), Object(Illuminate/Console/OutputStyle))
#27 C:/Users/DELL/Documents/Projets/datamuse-prod-backend/vendor/laravel/framework/src/Illuminate/Console/Command.php(180): Symfony/Component/Console/Command/Command->run(Object(Symfony/Component/Console/Input/ArgvInput), Object(Illuminate/Console/OutputStyle))
#28 C:/Users/DELL/Documents/Projets/datamuse-prod-backend/vendor/symfony/console/Application.php(1117): Illuminate/Console/Command->run(Object(Symfony/Component/Console/Input/ArgvInput), Object(Symfony/Component/Console/Output/ConsoleOutput))
#29 C:/Users/DELL/Documents/Projets/datamuse-prod-backend/vendor/symfony/console/Application.php(356): Symfony/Component/Console/Application->doRunCommand(Object(Illuminate/Database/Console/Migrations/MigrateCommand), Object(Symfony/Component/Console/Input/ArgvInput), Object(Symfony/Component/Console/Output/ConsoleOutput))
#30 C:/Users/DELL/Documents/Projets/datamuse-prod-backend/vendor/symfony/console/Application.php(195): Symfony/Component/Console/Application->doRun(Object(Symfony/Component/Console/Input/ArgvInput), Object(Symfony/Component/Console/Output/ConsoleOutput))
#31 C:/Users/DELL/Documents/Projets/datamuse-prod-backend/vendor/laravel/framework/src/Illuminate/Foundation/Console/Kernel.php(198): Symfony/Component/Console/Application->run(Object(Symfony/Component/Console/Input/ArgvInput), Object(Symfony/Component/Console/Output/ConsoleOutput))
#32 C:/Users/DELL/Documents/Projets/datamuse-prod-backend/vendor/laravel/framework/src/Illuminate/Foundation/Application.php(1235): Illuminate/Foundation/Console/Kernel->handle(Object(Symfony/Component/Console/Input/ArgvInput), Object(Symfony/Component/Console/Output/ConsoleOutput))
#33 C:/Users/DELL/Documents/Projets/datamuse-prod-backend/artisan(16): Illuminate/Foundation/Application->handleCommand(Object(Symfony/Component/Console/Input/ArgvInput))
#34 {main}

[previous exception] [object] (PDOException(code: 42000): SQLSTATE[42000]: Syntax error or access violation: 1067 Invalid default value for 'ended_at' at C:/Users/DELL/Documents/Projets/datamuse-prod-backend/vendor/laravel/framework/src/Illuminate/Database/Connection.php:584)
[stacktrace]
#0 C:/Users/DELL/Documents/Projets/datamuse-prod-backend/vendor/laravel/framework/src/Illuminate/Database/Connection.php(584): PDOStatement->execute()
#1 C:/Users/DELL/Documents/Projets/datamuse-prod-backend/vendor/laravel/framework/src/Illuminate/Database/Connection.php(827): Illuminate/Database/Connection->Illuminate/Database/{closure}('create table `s...', Array)
#2 C:/Users/DELL/Documents/Projets/datamuse-prod-backend/vendor/laravel/framework/src/Illuminate/Database/Connection.php(794): Illuminate/Database/Connection->runQueryCallback('create table `s...', Array, Object(Closure))
#3 C:/Users/DELL/Documents/Projets/datamuse-prod-backend/vendor/laravel/framework/src/Illuminate/Database/Connection.php(573): Illuminate/Database/Connection->run('create table `s...', Array, Object(Closure))
#4 C:/Users/DELL/Documents/Projets/datamuse-prod-backend/vendor/laravel/framework/src/Illuminate/Database/Schema/Blueprint.php(121): Illuminate/Database/Connection->statement('create table `s...')
#5 C:/Users/DELL/Documents/Projets/datamuse-prod-backend/vendor/laravel/framework/src/Illuminate/Database/Schema/Builder.php(686): Illuminate/Database/Schema/Blueprint->build()
#6 C:/Users/DELL/Documents/Projets/datamuse-prod-backend/vendor/laravel/framework/src/Illuminate/Database/Schema/Builder.php(506): Illuminate/Database/Schema/Builder->build(Object(Illuminate/Database/Schema/Blueprint))
#7 C:/Users/DELL/Documents/Projets/datamuse-prod-backend/vendor/laravel/framework/src/Illuminate/Support/Facades/Facade.php(363): Illuminate/Database/Schema/Builder->create('submissions', Object(Closure))
#8 C:/Users/DELL/Documents/Projets/datamuse-prod-backend/database/migrations/2026_09_15_000009_create_submissions_table.php(11): Illuminate/Support/Facades/Facade::__callStatic('create', Array)
#9 C:/Users/DELL/Documents/Projets/datamuse-prod-backend/vendor/laravel/framework/src/Illuminate/Database/Migrations/Migrator.php(517): Illuminate/Database/Migrations/Migration@anonymous->up()
#10 C:/Users/DELL/Documents/Projets/datamuse-prod-backend/vendor/laravel/framework/src/Illuminate/Database/Migrations/Migrator.php(442): Illuminate/Database/Migrations/Migrator->runMethod(Object(Illuminate/Database/MySqlConnection), Object(Illuminate/Database/Migrations/Migration@anonymous), 'up')
#11 C:/Users/DELL/Documents/Projets/datamuse-prod-backend/vendor/laravel/framework/src/Illuminate/Database/Migrations/Migrator.php(451): Illuminate/Database/Migrations/Migrator->Illuminate/Database/Migrations/{closure}()
#12 C:/Users/DELL/Documents/Projets/datamuse-prod-backend/vendor/laravel/framework/src/Illuminate/Database/Migrations/Migrator.php(253): Illuminate/Database/Migrations/Migrator->runMigration(Object(Illuminate/Database/Migrations/Migration@anonymous), 'up')
#13 C:/Users/DELL/Documents/Projets/datamuse-prod-backend/vendor/laravel/framework/src/Illuminate/Console/View/Components/Task.php(41): Illuminate/Database/Migrations/Migrator->Illuminate/Database/Migrations/{closure}()
#14 C:/Users/DELL/Documents/Projets/datamuse-prod-backend/vendor/laravel/framework/src/Illuminate/Database/Migrations/Migrator.php(814): Illuminate/Console/View/Components/Task->render('2026_09_15_0000...', Object(Closure))
#15 C:/Users/DELL/Documents/Projets/datamuse-prod-backend/vendor/laravel/framework/src/Illuminate/Database/Migrations/Migrator.php(253): Illuminate/Database/Migrations/Migrator->write('Illuminate//Cons...', '2026_09_15_0000...', Object(Closure))
#16 C:/Users/DELL/Documents/Projets/datamuse-prod-backend/vendor/laravel/framework/src/Illuminate/Database/Migrations/Migrator.php(211): Illuminate/Database/Migrations/Migrator->runUp('C://Users//DELL//D...', 1, false)
#17 C:/Users/DELL/Documents/Projets/datamuse-prod-backend/vendor/laravel/framework/src/Illuminate/Database/Migrations/Migrator.php(138): Illuminate/Database/Migrations/Migrator->runPending(Array, Array)
#18 C:/Users/DELL/Documents/Projets/datamuse-prod-backend/vendor/laravel/framework/src/Illuminate/Database/Console/Migrations/MigrateCommand.php(116): Illuminate/Database/Migrations/Migrator->run(Array, Array)
#19 C:/Users/DELL/Documents/Projets/datamuse-prod-backend/vendor/laravel/framework/src/Illuminate/Database/Migrations/Migrator.php(671): Illuminate/Database/Console/Migrations/MigrateCommand->Illuminate/Database/Console/Migrations/{closure}()
#20 C:/Users/DELL/Documents/Projets/datamuse-prod-backend/vendor/laravel/framework/src/Illuminate/Database/Console/Migrations/MigrateCommand.php(109): Illuminate/Database/Migrations/Migrator->usingConnection(NULL, Object(Closure))
#21 C:/Users/DELL/Documents/Projets/datamuse-prod-backend/vendor/laravel/framework/src/Illuminate/Database/Console/Migrations/MigrateCommand.php(88): Illuminate/Database/Console/Migrations/MigrateCommand->runMigrations()
#22 C:/Users/DELL/Documents/Projets/datamuse-prod-backend/vendor/laravel/framework/src/Illuminate/Container/BoundMethod.php(36): Illuminate/Database/Console/Migrations/MigrateCommand->handle()
#23 C:/Users/DELL/Documents/Projets/datamuse-prod-backend/vendor/laravel/framework/src/Illuminate/Container/Util.php(43): Illuminate/Container/BoundMethod::Illuminate/Container/{closure}()
#24 C:/Users/DELL/Documents/Projets/datamuse-prod-backend/vendor/laravel/framework/src/Illuminate/Container/BoundMethod.php(96): Illuminate/Container/Util::unwrapIfClosure(Object(Closure))
#25 C:/Users/DELL/Documents/Projets/datamuse-prod-backend/vendor/laravel/framework/src/Illuminate/Container/BoundMethod.php(35): Illuminate/Container/BoundMethod::callBoundMethod(Object(Illuminate/Foundation/Application), Array, Object(Closure))
#26 C:/Users/DELL/Documents/Projets/datamuse-prod-backend/vendor/laravel/framework/src/Illuminate/Container/Container.php(799): Illuminate/Container/BoundMethod::call(Object(Illuminate/Foundation/Application), Array, Array, NULL)
#27 C:/Users/DELL/Documents/Projets/datamuse-prod-backend/vendor/laravel/framework/src/Illuminate/Console/Command.php(211): Illuminate/Container/Container->call(Array)
#28 C:/Users/DELL/Documents/Projets/datamuse-prod-backend/vendor/symfony/console/Command/Command.php(341): Illuminate/Console/Command->execute(Object(Symfony/Component/Console/Input/ArgvInput), Object(Illuminate/Console/OutputStyle))
#29 C:/Users/DELL/Documents/Projets/datamuse-prod-backend/vendor/laravel/framework/src/Illuminate/Console/Command.php(180): Symfony/Component/Console/Command/Command->run(Object(Symfony/Component/Console/Input/ArgvInput), Object(Illuminate/Console/OutputStyle))
#30 C:/Users/DELL/Documents/Projets/datamuse-prod-backend/vendor/symfony/console/Application.php(1117): Illuminate/Console/Command->run(Object(Symfony/Component/Console/Input/ArgvInput), Object(Symfony/Component/Console/Output/ConsoleOutput))
#31 C:/Users/DELL/Documents/Projets/datamuse-prod-backend/vendor/symfony/console/Application.php(356): Symfony/Component/Console/Application->doRunCommand(Object(Illuminate/Database/Console/Migrations/MigrateCommand), Object(Symfony/Component/Console/Input/ArgvInput), Object(Symfony/Component/Console/Output/ConsoleOutput))
#32 C:/Users/DELL/Documents/Projets/datamuse-prod-backend/vendor/symfony/console/Application.php(195): Symfony/Component/Console/Application->doRun(Object(Symfony/Component/Console/Input/ArgvInput), Object(Symfony/Component/Console/Output/ConsoleOutput))
#33 C:/Users/DELL/Documents/Projets/datamuse-prod-backend/vendor/laravel/framework/src/Illuminate/Foundation/Console/Kernel.php(198): Symfony/Component/Console/Application->run(Object(Symfony/Component/Console/Input/ArgvInput), Object(Symfony/Component/Console/Output/ConsoleOutput))
#34 C:/Users/DELL/Documents/Projets/datamuse-prod-backend/vendor/laravel/framework/src/Illuminate/Foundation/Application.php(1235): Illuminate/Foundation/Console/Kernel->handle(Object(Symfony/Component/Console/Input/ArgvInput), Object(Symfony/Component/Console/Output/ConsoleOutput))
#35 C:/Users/DELL/Documents/Projets/datamuse-prod-backend/artisan(16): Illuminate/Foundation/Application->handleCommand(Object(Symfony/Component/Console/Input/ArgvInput))
#36 {main}
"} 
[2026-09-24 15:02:30] production.ERROR: SQLSTATE[42000]: Syntax error or access violation: 1067 Invalid default value for 'ended_at' (Connection: mysql, Host: 127.0.0.1, Port: 3306, Database: datamuse_install, SQL: create table `submissions` (`id` bigint unsigned not null auto_increment primary key, `uuid` char(36) not null, `survey_id` bigint unsigned not null, `survey_version_id` bigint unsigned not null, `project_id` bigint unsigned not null, `enumerator_id` bigint unsigned null, `device_id` bigint unsigned null, `channel` varchar(10) not null default 'mobile', `status` varchar(20) not null default 'submitted', `fiche_code` varchar(64) null, `zone` varchar(100) null, `language` varchar(10) not null default 'fr', `started_at` timestamp not null, `ended_at` timestamp not null, `duration_seconds` int unsigned null, `geo_lat` decimal(10, 7) null, `geo_lng` decimal(10, 7) null, `geo_accuracy` decimal(8, 2) null, `geo` json null, `answers` json not null, `end_reason` varchar(40) null, `answers_hash` char(64) null, `client_updated_at` timestamp null, `received_at` timestamp null, `flags` json null, `suspicion_score` tinyint unsigned not null default '0', `quality_notes` text null, `reviewed_by` bigint unsigned null, `reviewed_at` timestamp null, `device_time_offset_ms` int null, `created_at` timestamp null, `updated_at` timestamp null) default character set utf8mb4 collate 'utf8mb4_unicode_ci') {"exception":"[object] (Illuminate\\Database\\QueryException(code: 42000): SQLSTATE[42000]: Syntax error or access violation: 1067 Invalid default value for 'ended_at' (Connection: mysql, Host: 127.0.0.1, Port: 3306, Database: datamuse_install, SQL: create table `submissions` (`id` bigint unsigned not null auto_increment primary key, `uuid` char(36) not null, `survey_id` bigint unsigned not null, `survey_version_id` bigint unsigned not null, `project_id` bigint unsigned not null, `enumerator_id` bigint unsigned null, `device_id` bigint unsigned null, `channel` varchar(10) not null default 'mobile', `status` varchar(20) not null default 'submitted', `fiche_code` varchar(64) null, `zone` varchar(100) null, `language` varchar(10) not null default 'fr', `started_at` timestamp not null, `ended_at` timestamp not null, `duration_seconds` int unsigned null, `geo_lat` decimal(10, 7) null, `geo_lng` decimal(10, 7) null, `geo_accuracy` decimal(8, 2) null, `geo` json null, `answers` json not null, `end_reason` varchar(40) null, `answers_hash` char(64) null, `client_updated_at` timestamp null, `received_at` timestamp null, `flags` json null, `suspicion_score` tinyint unsigned not null default '0', `quality_notes` text null, `reviewed_by` bigint unsigned null, `reviewed_at` timestamp null, `device_time_offset_ms` int null, `created_at` timestamp null, `updated_at` timestamp null) default character set utf8mb4 collate 'utf8mb4_unicode_ci') at C:/Users/DELL/Documents/Projets/datamuse-prod-backend/vendor/laravel/framework/src/Illuminate/Database/Connection.php:838)
[stacktrace]
#0 C:/Users/DELL/Documents/Projets/datamuse-prod-backend/vendor/laravel/framework/src/Illuminate/Database/Connection.php(794): Illuminate/Database/Connection->runQueryCallback('create table `s...', Array, Object(Closure))
#1 C:/Users/DELL/Documents/Projets/datamuse-prod-backend/vendor/laravel/framework/src/Illuminate/Database/Connection.php(573): Illuminate/Database/Connection->run('create table `s...', Array, Object(Closure))
#2 C:/Users/DELL/Documents/Projets/datamuse-prod-backend/vendor/laravel/framework/src/Illuminate/Database/Schema/Blueprint.php(121): Illuminate/Database/Connection->statement('create table `s...')
#3 C:/Users/DELL/Documents/Projets/datamuse-prod-backend/vendor/laravel/framework/src/Illuminate/Database/Schema/Builder.php(686): Illuminate/Database/Schema/Blueprint->build()
#4 C:/Users/DELL/Documents/Projets/datamuse-prod-backend/vendor/laravel/framework/src/Illuminate/Database/Schema/Builder.php(506): Illuminate/Database/Schema/Builder->build(Object(Illuminate/Database/Schema/Blueprint))
#5 C:/Users/DELL/Documents/Projets/datamuse-prod-backend/vendor/laravel/framework/src/Illuminate/Support/Facades/Facade.php(363): Illuminate/Database/Schema/Builder->create('submissions', Object(Closure))
#6 C:/Users/DELL/Documents/Projets/datamuse-prod-backend/database/migrations/2026_09_15_000009_create_submissions_table.php(11): Illuminate/Support/Facades/Facade::__callStatic('create', Array)
#7 C:/Users/DELL/Documents/Projets/datamuse-prod-backend/vendor/laravel/framework/src/Illuminate/Database/Migrations/Migrator.php(517): Illuminate/Database/Migrations/Migration@anonymous->up()
#8 C:/Users/DELL/Documents/Projets/datamuse-prod-backend/vendor/laravel/framework/src/Illuminate/Database/Migrations/Migrator.php(442): Illuminate/Database/Migrations/Migrator->runMethod(Object(Illuminate/Database/MySqlConnection), Object(Illuminate/Database/Migrations/Migration@anonymous), 'up')
#9 C:/Users/DELL/Documents/Projets/datamuse-prod-backend/vendor/laravel/framework/src/Illuminate/Database/Migrations/Migrator.php(451): Illuminate/Database/Migrations/Migrator->Illuminate/Database/Migrations/{closure}()
#10 C:/Users/DELL/Documents/Projets/datamuse-prod-backend/vendor/laravel/framework/src/Illuminate/Database/Migrations/Migrator.php(253): Illuminate/Database/Migrations/Migrator->runMigration(Object(Illuminate/Database/Migrations/Migration@anonymous), 'up')
#11 C:/Users/DELL/Documents/Projets/datamuse-prod-backend/vendor/laravel/framework/src/Illuminate/Console/View/Components/Task.php(41): Illuminate/Database/Migrations/Migrator->Illuminate/Database/Migrations/{closure}()
#12 C:/Users/DELL/Documents/Projets/datamuse-prod-backend/vendor/laravel/framework/src/Illuminate/Database/Migrations/Migrator.php(814): Illuminate/Console/View/Components/Task->render('2026_09_15_0000...', Object(Closure))
#13 C:/Users/DELL/Documents/Projets/datamuse-prod-backend/vendor/laravel/framework/src/Illuminate/Database/Migrations/Migrator.php(253): Illuminate/Database/Migrations/Migrator->write('Illuminate//Cons...', '2026_09_15_0000...', Object(Closure))
#14 C:/Users/DELL/Documents/Projets/datamuse-prod-backend/vendor/laravel/framework/src/Illuminate/Database/Migrations/Migrator.php(211): Illuminate/Database/Migrations/Migrator->runUp('C://Users//DELL//D...', 2, false)
#15 C:/Users/DELL/Documents/Projets/datamuse-prod-backend/vendor/laravel/framework/src/Illuminate/Database/Migrations/Migrator.php(138): Illuminate/Database/Migrations/Migrator->runPending(Array, Array)
#16 C:/Users/DELL/Documents/Projets/datamuse-prod-backend/vendor/laravel/framework/src/Illuminate/Database/Console/Migrations/MigrateCommand.php(116): Illuminate/Database/Migrations/Migrator->run(Array, Array)
#17 C:/Users/DELL/Documents/Projets/datamuse-prod-backend/vendor/laravel/framework/src/Illuminate/Database/Migrations/Migrator.php(671): Illuminate/Database/Console/Migrations/MigrateCommand->Illuminate/Database/Console/Migrations/{closure}()
#18 C:/Users/DELL/Documents/Projets/datamuse-prod-backend/vendor/laravel/framework/src/Illuminate/Database/Console/Migrations/MigrateCommand.php(109): Illuminate/Database/Migrations/Migrator->usingConnection(NULL, Object(Closure))
#19 C:/Users/DELL/Documents/Projets/datamuse-prod-backend/vendor/laravel/framework/src/Illuminate/Database/Console/Migrations/MigrateCommand.php(88): Illuminate/Database/Console/Migrations/MigrateCommand->runMigrations()
#20 C:/Users/DELL/Documents/Projets/datamuse-prod-backend/vendor/laravel/framework/src/Illuminate/Container/BoundMethod.php(36): Illuminate/Database/Console/Migrations/MigrateCommand->handle()
#21 C:/Users/DELL/Documents/Projets/datamuse-prod-backend/vendor/laravel/framework/src/Illuminate/Container/Util.php(43): Illuminate/Container/BoundMethod::Illuminate/Container/{closure}()
#22 C:/Users/DELL/Documents/Projets/datamuse-prod-backend/vendor/laravel/framework/src/Illuminate/Container/BoundMethod.php(96): Illuminate/Container/Util::unwrapIfClosure(Object(Closure))
#23 C:/Users/DELL/Documents/Projets/datamuse-prod-backend/vendor/laravel/framework/src/Illuminate/Container/BoundMethod.php(35): Illuminate/Container/BoundMethod::callBoundMethod(Object(Illuminate/Foundation/Application), Array, Object(Closure))
#24 C:/Users/DELL/Documents/Projets/datamuse-prod-backend/vendor/laravel/framework/src/Illuminate/Container/Container.php(799): Illuminate/Container/BoundMethod::call(Object(Illuminate/Foundation/Application), Array, Array, NULL)
#25 C:/Users/DELL/Documents/Projets/datamuse-prod-backend/vendor/laravel/framework/src/Illuminate/Console/Command.php(211): Illuminate/Container/Container->call(Array)
#26 C:/Users/DELL/Documents/Projets/datamuse-prod-backend/vendor/symfony/console/Command/Command.php(341): Illuminate/Console/Command->execute(Object(Symfony/Component/Console/Input/ArgvInput), Object(Illuminate/Console/OutputStyle))
#27 C:/Users/DELL/Documents/Projets/datamuse-prod-backend/vendor/laravel/framework/src/Illuminate/Console/Command.php(180): Symfony/Component/Console/Command/Command->run(Object(Symfony/Component/Console/Input/ArgvInput), Object(Illuminate/Console/OutputStyle))
#28 C:/Users/DELL/Documents/Projets/datamuse-prod-backend/vendor/symfony/console/Application.php(1117): Illuminate/Console/Command->run(Object(Symfony/Component/Console/Input/ArgvInput), Object(Symfony/Component/Console/Output/ConsoleOutput))
#29 C:/Users/DELL/Documents/Projets/datamuse-prod-backend/vendor/symfony/console/Application.php(356): Symfony/Component/Console/Application->doRunCommand(Object(Illuminate/Database/Console/Migrations/MigrateCommand), Object(Symfony/Component/Console/Input/ArgvInput), Object(Symfony/Component/Console/Output/ConsoleOutput))
#30 C:/Users/DELL/Documents/Projets/datamuse-prod-backend/vendor/symfony/console/Application.php(195): Symfony/Component/Console/Application->doRun(Object(Symfony/Component/Console/Input/ArgvInput), Object(Symfony/Component/Console/Output/ConsoleOutput))
#31 C:/Users/DELL/Documents/Projets/datamuse-prod-backend/vendor/laravel/framework/src/Illuminate/Foundation/Console/Kernel.php(198): Symfony/Component/Console/Application->run(Object(Symfony/Component/Console/Input/ArgvInput), Object(Symfony/Component/Console/Output/ConsoleOutput))
#32 C:/Users/DELL/Documents/Projets/datamuse-prod-backend/vendor/laravel/framework/src/Illuminate/Foundation/Application.php(1235): Illuminate/Foundation/Console/Kernel->handle(Object(Symfony/Component/Console/Input/ArgvInput), Object(Symfony/Component/Console/Output/ConsoleOutput))
#33 C:/Users/DELL/Documents/Projets/datamuse-prod-backend/artisan(16): Illuminate/Foundation/Application->handleCommand(Object(Symfony/Component/Console/Input/ArgvInput))
#34 {main}

[previous exception] [object] (PDOException(code: 42000): SQLSTATE[42000]: Syntax error or access violation: 1067 Invalid default value for 'ended_at' at C:/Users/DELL/Documents/Projets/datamuse-prod-backend/vendor/laravel/framework/src/Illuminate/Database/Connection.php:584)
[stacktrace]
#0 C:/Users/DELL/Documents/Projets/datamuse-prod-backend/vendor/laravel/framework/src/Illuminate/Database/Connection.php(584): PDOStatement->execute()
#1 C:/Users/DELL/Documents/Projets/datamuse-prod-backend/vendor/laravel/framework/src/Illuminate/Database/Connection.php(827): Illuminate/Database/Connection->Illuminate/Database/{closure}('create table `s...', Array)
#2 C:/Users/DELL/Documents/Projets/datamuse-prod-backend/vendor/laravel/framework/src/Illuminate/Database/Connection.php(794): Illuminate/Database/Connection->runQueryCallback('create table `s...', Array, Object(Closure))
#3 C:/Users/DELL/Documents/Projets/datamuse-prod-backend/vendor/laravel/framework/src/Illuminate/Database/Connection.php(573): Illuminate/Database/Connection->run('create table `s...', Array, Object(Closure))
#4 C:/Users/DELL/Documents/Projets/datamuse-prod-backend/vendor/laravel/framework/src/Illuminate/Database/Schema/Blueprint.php(121): Illuminate/Database/Connection->statement('create table `s...')
#5 C:/Users/DELL/Documents/Projets/datamuse-prod-backend/vendor/laravel/framework/src/Illuminate/Database/Schema/Builder.php(686): Illuminate/Database/Schema/Blueprint->build()
#6 C:/Users/DELL/Documents/Projets/datamuse-prod-backend/vendor/laravel/framework/src/Illuminate/Database/Schema/Builder.php(506): Illuminate/Database/Schema/Builder->build(Object(Illuminate/Database/Schema/Blueprint))
#7 C:/Users/DELL/Documents/Projets/datamuse-prod-backend/vendor/laravel/framework/src/Illuminate/Support/Facades/Facade.php(363): Illuminate/Database/Schema/Builder->create('submissions', Object(Closure))
#8 C:/Users/DELL/Documents/Projets/datamuse-prod-backend/database/migrations/2026_09_15_000009_create_submissions_table.php(11): Illuminate/Support/Facades/Facade::__callStatic('create', Array)
#9 C:/Users/DELL/Documents/Projets/datamuse-prod-backend/vendor/laravel/framework/src/Illuminate/Database/Migrations/Migrator.php(517): Illuminate/Database/Migrations/Migration@anonymous->up()
#10 C:/Users/DELL/Documents/Projets/datamuse-prod-backend/vendor/laravel/framework/src/Illuminate/Database/Migrations/Migrator.php(442): Illuminate/Database/Migrations/Migrator->runMethod(Object(Illuminate/Database/MySqlConnection), Object(Illuminate/Database/Migrations/Migration@anonymous), 'up')
#11 C:/Users/DELL/Documents/Projets/datamuse-prod-backend/vendor/laravel/framework/src/Illuminate/Database/Migrations/Migrator.php(451): Illuminate/Database/Migrations/Migrator->Illuminate/Database/Migrations/{closure}()
#12 C:/Users/DELL/Documents/Projets/datamuse-prod-backend/vendor/laravel/framework/src/Illuminate/Database/Migrations/Migrator.php(253): Illuminate/Database/Migrations/Migrator->runMigration(Object(Illuminate/Database/Migrations/Migration@anonymous), 'up')
#13 C:/Users/DELL/Documents/Projets/datamuse-prod-backend/vendor/laravel/framework/src/Illuminate/Console/View/Components/Task.php(41): Illuminate/Database/Migrations/Migrator->Illuminate/Database/Migrations/{closure}()
#14 C:/Users/DELL/Documents/Projets/datamuse-prod-backend/vendor/laravel/framework/src/Illuminate/Database/Migrations/Migrator.php(814): Illuminate/Console/View/Components/Task->render('2026_09_15_0000...', Object(Closure))
#15 C:/Users/DELL/Documents/Projets/datamuse-prod-backend/vendor/laravel/framework/src/Illuminate/Database/Migrations/Migrator.php(253): Illuminate/Database/Migrations/Migrator->write('Illuminate//Cons...', '2026_09_15_0000...', Object(Closure))
#16 C:/Users/DELL/Documents/Projets/datamuse-prod-backend/vendor/laravel/framework/src/Illuminate/Database/Migrations/Migrator.php(211): Illuminate/Database/Migrations/Migrator->runUp('C://Users//DELL//D...', 2, false)
#17 C:/Users/DELL/Documents/Projets/datamuse-prod-backend/vendor/laravel/framework/src/Illuminate/Database/Migrations/Migrator.php(138): Illuminate/Database/Migrations/Migrator->runPending(Array, Array)
#18 C:/Users/DELL/Documents/Projets/datamuse-prod-backend/vendor/laravel/framework/src/Illuminate/Database/Console/Migrations/MigrateCommand.php(116): Illuminate/Database/Migrations/Migrator->run(Array, Array)
#19 C:/Users/DELL/Documents/Projets/datamuse-prod-backend/vendor/laravel/framework/src/Illuminate/Database/Migrations/Migrator.php(671): Illuminate/Database/Console/Migrations/MigrateCommand->Illuminate/Database/Console/Migrations/{closure}()
#20 C:/Users/DELL/Documents/Projets/datamuse-prod-backend/vendor/laravel/framework/src/Illuminate/Database/Console/Migrations/MigrateCommand.php(109): Illuminate/Database/Migrations/Migrator->usingConnection(NULL, Object(Closure))
#21 C:/Users/DELL/Documents/Projets/datamuse-prod-backend/vendor/laravel/framework/src/Illuminate/Database/Console/Migrations/MigrateCommand.php(88): Illuminate/Database/Console/Migrations/MigrateCommand->runMigrations()
#22 C:/Users/DELL/Documents/Projets/datamuse-prod-backend/vendor/laravel/framework/src/Illuminate/Container/BoundMethod.php(36): Illuminate/Database/Console/Migrations/MigrateCommand->handle()
#23 C:/Users/DELL/Documents/Projets/datamuse-prod-backend/vendor/laravel/framework/src/Illuminate/Container/Util.php(43): Illuminate/Container/BoundMethod::Illuminate/Container/{closure}()
#24 C:/Users/DELL/Documents/Projets/datamuse-prod-backend/vendor/laravel/framework/src/Illuminate/Container/BoundMethod.php(96): Illuminate/Container/Util::unwrapIfClosure(Object(Closure))
#25 C:/Users/DELL/Documents/Projets/datamuse-prod-backend/vendor/laravel/framework/src/Illuminate/Container/BoundMethod.php(35): Illuminate/Container/BoundMethod::callBoundMethod(Object(Illuminate/Foundation/Application), Array, Object(Closure))
#26 C:/Users/DELL/Documents/Projets/datamuse-prod-backend/vendor/laravel/framework/src/Illuminate/Container/Container.php(799): Illuminate/Container/BoundMethod::call(Object(Illuminate/Foundation/Application), Array, Array, NULL)
#27 C:/Users/DELL/Documents/Projets/datamuse-prod-backend/vendor/laravel/framework/src/Illuminate/Console/Command.php(211): Illuminate/Container/Container->call(Array)
#28 C:/Users/DELL/Documents/Projets/datamuse-prod-backend/vendor/symfony/console/Command/Command.php(341): Illuminate/Console/Command->execute(Object(Symfony/Component/Console/Input/ArgvInput), Object(Illuminate/Console/OutputStyle))
#29 C:/Users/DELL/Documents/Projets/datamuse-prod-backend/vendor/laravel/framework/src/Illuminate/Console/Command.php(180): Symfony/Component/Console/Command/Command->run(Object(Symfony/Component/Console/Input/ArgvInput), Object(Illuminate/Console/OutputStyle))
#30 C:/Users/DELL/Documents/Projets/datamuse-prod-backend/vendor/symfony/console/Application.php(1117): Illuminate/Console/Command->run(Object(Symfony/Component/Console/Input/ArgvInput), Object(Symfony/Component/Console/Output/ConsoleOutput))
#31 C:/Users/DELL/Documents/Projets/datamuse-prod-backend/vendor/symfony/console/Application.php(356): Symfony/Component/Console/Application->doRunCommand(Object(Illuminate/Database/Console/Migrations/MigrateCommand), Object(Symfony/Component/Console/Input/ArgvInput), Object(Symfony/Component/Console/Output/ConsoleOutput))
#32 C:/Users/DELL/Documents/Projets/datamuse-prod-backend/vendor/symfony/console/Application.php(195): Symfony/Component/Console/Application->doRun(Object(Symfony/Component/Console/Input/ArgvInput), Object(Symfony/Component/Console/Output/ConsoleOutput))
#33 C:/Users/DELL/Documents/Projets/datamuse-prod-backend/vendor/laravel/framework/src/Illuminate/Foundation/Console/Kernel.php(198): Symfony/Component/Console/Application->run(Object(Symfony/Component/Console/Input/ArgvInput), Object(Symfony/Component/Console/Output/ConsoleOutput))
#34 C:/Users/DELL/Documents/Projets/datamuse-prod-backend/vendor/laravel/framework/src/Illuminate/Foundation/Application.php(1235): Illuminate/Foundation/Console/Kernel->handle(Object(Symfony/Component/Console/Input/ArgvInput), Object(Symfony/Component/Console/Output/ConsoleOutput))
#35 C:/Users/DELL/Documents/Projets/datamuse-prod-backend/artisan(16): Illuminate/Foundation/Application->handleCommand(Object(Symfony/Component/Console/Input/ArgvInput))
#36 {main}
"} 
